// Vitest Snapshot v1, https://vitest.dev/guide/snapshot.html

exports[`initSummernote > should unwrap custom buttons on init 1`] = `
"
            
                <button>tool1</button>
                <span>tool1 custom element</span>
            
            
                <button>tool2</button>
                <span>tool2 custom element</span>
            
        "
`;
